Starting project at /app/ActivityTracker
Starting Metro Bundler
The following packages should be updated for best compatibility with the installed expo version:
  @react-native-community/datetimepicker@8.6.0 - expected version: 8.4.4
  expo-clipboard@55.0.15 - expected version: ~8.0.8
  expo-image-manipulator@55.0.19 - expected version: ~14.0.8
  expo-image-picker@55.0.22 - expected version: ~17.0.11
  react-native@0.81.4 - expected version: 0.81.5
  react-native-safe-area-context@5.8.0 - expected version: ~5.6.0
  react-native-screens@4.26.2 - expected version: ~4.16.0
  react-native-web@0.20.0 - expected version: ^0.21.0
  @types/react@19.1.0 - expected version: ~19.1.10
Your project may not work correctly until you install the expected versions of the packages.
Waiting on http://localhost:8081
Logs for your project will appear below.
Web node_modules/expo-router/entry.js ░░░░░░░░░░░░░░░░  0.0% (0/1)
Web node_modules/expo-router/entry.js ▓▓▓▓▓▓▓▓▓▓░░░░░░ 64.0% (131/292)
Web node_modules/expo-router/entry.js ▓▓▓▓▓▓▓▓▓▓░░░░░░ 64.0% (372/545)
Web node_modules/expo-router/entry.js ▓▓▓▓▓▓▓▓▓▓░░░░░░ 64.0% ( 680/1034)
Web node_modules/expo-router/entry.js ▓▓▓▓▓▓▓▓▓▓▓▓░░░░ 76.7% (1092/1249)
Web node_modules/expo-router/entry.js ▓▓▓▓▓▓▓▓▓▓▓▓▓▓▓░ 94.8% (1484/1524)
Web Bundled 18373ms node_modules/expo-router/entry.js (1562 modules)
 LOG  [web] Logs will appear in the browser console
